[rautakaupat__k-rauta] attempt 1: https://k-rauta.fi
[rautakaupat__k-rauta] OK perf=28 a11y=97 seo=100 bp=96
[rautakaupat__stark] attempt 1: https://stark-suomi.fi
[rautakaupat__stark] OK perf=9 a11y=84 seo=83 bp=69
[rautakaupat__bauhaus] attempt 1: https://bauhaus.fi
[rautakaupat__bauhaus] OK perf=28 a11y=91 seo=100 bp=73
[rautakaupat__puuilo] attempt 1: https://puuilo.fi
[rautakaupat__puuilo] OK perf=28 a11y=93 seo=92 bp=100
[rautakaupat__taloon] attempt 1: https://taloon.com
[rautakaupat__taloon] OK perf=34 a11y=93 seo=100 bp=100
[rautakaupat__byggmax] attempt 1: https://byggmax.fi
[rautakaupat__byggmax] OK perf=27 a11y=86 seo=85 bp=73
[rautakaupat__ikh] attempt 1: https://ikh.fi
[rautakaupat__ikh] OK perf=28 a11y=91 seo=92 bp=54
[kattoremontit__kattotutka] attempt 1: https://kattotutka.fi
[kattoremontit__kattotutka] OK perf=40 a11y=80 seo=92 bp=96
[kattoremontit__vesivek] attempt 1: https://vesivek.fi
[kattoremontit__vesivek] OK perf=36 a11y=94 seo=100 bp=77
[kattoremontit__kattokeskus] attempt 1: https://kattokeskus.fi
[kattoremontit__kattokeskus] OK perf=40 a11y=96 seo=92 bp=77
[kattoremontit__kattocenter] attempt 1: https://kattocenter.fi
[kattoremontit__kattocenter] OK perf=28 a11y=88 seo=100 bp=77
[kattoremontit__kattomestarit] attempt 1: https://kattomestarit.fi
[kattoremontit__kattomestarit] OK perf=83 a11y=70 seo=82 bp=96
[kattoremontit__kerabit] attempt 1: https://kerabit.fi
[kattoremontit__kerabit] OK perf=25 a11y=86 seo=92 bp=73
[kattoremontit__ruukki-katot] attempt 1: https://ruukkikatot.fi
[kattoremontit__ruukki-katot] OK perf=45 a11y=93 seo=100 bp=100
[tyonvalityspalvelut__barona] attempt 1: https://barona.fi
[tyonvalityspalvelut__barona] OK perf=25 a11y=97 seo=92 bp=77
[tyonvalityspalvelut__eezy] attempt 1: https://eezy.fi
[tyonvalityspalvelut__eezy] OK perf=35 a11y=84 seo=100 bp=73
[tyonvalityspalvelut__staffpoint] attempt 1: https://staffpoint.fi
[tyonvalityspalvelut__staffpoint] OK perf=42 a11y=93 seo=100 bp=100
[tyonvalityspalvelut__academic-work] attempt 1: https://academicwork.fi
[tyonvalityspalvelut__academic-work] OK perf=26 a11y=97 seo=92 bp=96
[tyonvalityspalvelut__bolt-works] attempt 1: https://bolt.works
[tyonvalityspalvelut__bolt-works] OK perf=51 a11y=85 seo=100 bp=100
[tyonvalityspalvelut__manpower] attempt 1: https://manpower.fi
[tyonvalityspalvelut__manpower] runtimeError ERRORED_DOCUMENT_REQUEST
[tyonvalityspalvelut__manpower] attempt 2: https://manpower.fi
[tyonvalityspalvelut__manpower] OK perf=11 a11y=79 seo=92 bp=100
[tyonvalityspalvelut__bondata] attempt 1: https://henkilostopalvelut.bondata.fi
[tyonvalityspalvelut__bondata] OK perf=35 a11y=85 seo=92 bp=73
[tyonvalityspalvelut__adecco] attempt 1: https://adecco.com/fi-fi
[tyonvalityspalvelut__adecco] OK perf=5 a11y=96 seo=92 bp=96

done — 303 measured, summary at pipeline/lh_cache/_summary.json
